06:25:00 **** Incremental Build of configuration Debug for project Counter ****
make -j8 all 
arm-none-eabi-gcc "../Core/Src/main.c" -mcpu=cortex-m3 -std=gnu11 -g3 -DDEBUG -DUSE_HAL_DRIVER -DSTM32F103x6 -c -I../Core/Inc -I../Drivers/STM32F1xx_HAL_Driver/Inc -I../Drivers/STM32F1xx_HAL_Driver/Inc/Legacy -I../Drivers/CMSIS/Device/ST/STM32F1xx/Include -I../Drivers/CMSIS/Include -O0 -ffunction-sections -fdata-sections -Wall -fstack-usage -MMD -MP -MF"Core/Src/main.d" -MT"Core/Src/main.o" --specs=nano.specs -mfloat-abi=soft -mthumb -o "Core/Src/main.o"
arm-none-eabi-gcc -o "Counter.elf" @"objects.list"   -mcpu=cortex-m3 -T"E:\Microprocessor_and_Microcontroller\Microcontroller_Microprocessor\Lab\Counter\Counter\STM32F103C6TX_FLASH.ld" --specs=nosys.specs -Wl,-Map="Counter.map" -Wl,--gc-sections -static --specs=nano.specs -mfloat-abi=soft -mthumb -Wl,--start-group -lc -lm -Wl,--end-group
Finished building target: Counter.elf
 
arm-none-eabi-size   Counter.elf 
arm-none-eabi-objdump -h -S  Counter.elf  > "Counter.list"
arm-none-eabi-objcopy  -O ihex  Counter.elf  "Counter.hex"
arm-none-eabi-objcopy  -O binary  Counter.elf  "Counter.bin"
   text	   data	    bss	    dec	    hex	filename
   7244	     24	   1648	   8916	   22d4	Counter.elf
Finished building: default.size.stdout
 
Finished building: Counter.hex
Finished building: Counter.bin
 
 
Finished building: Counter.list
 

06:25:01 Build Finished. 0 errors, 0 warnings. (took 954ms)

