10:50:22 **** Incremental Build of configuration Debug for project Ex01 ****
make -j8 all 
arm-none-eabi-gcc "../Core/Src/main.c" -mcpu=cortex-m3 -std=gnu11 -g3 -DDEBUG -DUSE_HAL_DRIVER -DSTM32F103x6 -c -I../Core/Inc -I../Drivers/STM32F1xx_HAL_Driver/Inc -I../Drivers/STM32F1xx_HAL_Driver/Inc/Legacy -I../Drivers/CMSIS/Device/ST/STM32F1xx/Include -I../Drivers/CMSIS/Include -O0 -ffunction-sections -fdata-sections -Wall -fstack-usage -MMD -MP -MF"Core/Src/main.d" -MT"Core/Src/main.o" --specs=nano.specs -mfloat-abi=soft -mthumb -o "Core/Src/main.o"
arm-none-eabi-gcc -o "Ex01.elf" @"objects.list"   -mcpu=cortex-m3 -T"E:\Microprocessor_and_Microcontroller\Microcontroller_Microprocessor\Lab\Lab01\Ex_01_02_03_04_05\Ex01\STM32F103C6TX_FLASH.ld" --specs=nosys.specs -Wl,-Map="Ex01.map" -Wl,--gc-sections -static --specs=nano.specs -mfloat-abi=soft -mthumb -Wl,--start-group -lc -lm -Wl,--end-group
Finished building target: Ex01.elf
 
arm-none-eabi-size   Ex01.elf 
arm-none-eabi-objdump -h -S  Ex01.elf  > "Ex01.list"
arm-none-eabi-objcopy  -O ihex  Ex01.elf  "Ex01.hex"
arm-none-eabi-objcopy  -O binary  Ex01.elf  "Ex01.bin"
   text	   data	    bss	    dec	    hex	filename
   5020	     20	   1572	   6612	   19d4	Ex01.elf
Finished building: default.size.stdout
 
Finished building: Ex01.hex
Finished building: Ex01.bin
Finished building: Ex01.list
 
 
 

10:50:23 Build Finished. 0 errors, 0 warnings. (took 1s.13ms)

